Archive member included to satisfy reference by file (symbol)

c:/st/stm32cubeide_1.5.0/stm32cubeide/plugins/com.st.stm32cube.ide.mcu.externaltools.gnu-tools-for-stm32.9-2020-q2-update.win32_1.5.0.202011040924/tools/bin/../lib/gcc/arm-none-eabi/9.3.1/../../../../arm-none-eabi/lib/thumb/v7e-m+dp/hard\libc_nano.a(lib_a-errno.o)
                              Core/Src/syscalls.o (__errno)
c:/st/stm32cubeide_1.5.0/stm32cubeide/plugins/com.st.stm32cube.ide.mcu.externaltools.gnu-tools-for-stm32.9-2020-q2-update.win32_1.5.0.202011040924/tools/bin/../lib/gcc/arm-none-eabi/9.3.1/../../../../arm-none-eabi/lib/thumb/v7e-m+dp/hard\libc_nano.a(lib_a-exit.o)
                              c:/st/stm32cubeide_1.5.0/stm32cubeide/plugins/com.st.stm32cube.ide.mcu.externaltools.gnu-tools-for-stm32.9-2020-q2-update.win32_1.5.0.202011040924/tools/bin/../lib/gcc/arm-none-eabi/9.3.1/../../../../arm-none-eabi/lib/thumb/v7e-m+dp/hard/crt0.o (exit)
c:/st/stm32cubeide_1.5.0/stm32cubeide/plugins/com.st.stm32cube.ide.mcu.externaltools.gnu-tools-for-stm32.9-2020-q2-update.win32_1.5.0.202011040924/tools/bin/../lib/gcc/arm-none-eabi/9.3.1/../../../../arm-none-eabi/lib/thumb/v7e-m+dp/hard\libc_nano.a(lib_a-impure.o)
                              c:/st/stm32cubeide_1.5.0/stm32cubeide/plugins/com.st.stm32cube.ide.mcu.externaltools.gnu-tools-for-stm32.9-2020-q2-update.win32_1.5.0.202011040924/tools/bin/../lib/gcc/arm-none-eabi/9.3.1/../../../../arm-none-eabi/lib/thumb/v7e-m+dp/hard\libc_nano.a(lib_a-exit.o) (_global_impure_ptr)
c:/st/stm32cubeide_1.5.0/stm32cubeide/plugins/com.st.stm32cube.ide.mcu.externaltools.gnu-tools-for-stm32.9-2020-q2-update.win32_1.5.0.202011040924/tools/bin/../lib/gcc/arm-none-eabi/9.3.1/../../../../arm-none-eabi/lib/thumb/v7e-m+dp/hard\libc_nano.a(lib_a-init.o)
                              c:/st/stm32cubeide_1.5.0/stm32cubeide/plugins/com.st.stm32cube.ide.mcu.externaltools.gnu-tools-for-stm32.9-2020-q2-update.win32_1.5.0.202011040924/tools/bin/../lib/gcc/arm-none-eabi/9.3.1/../../../../arm-none-eabi/lib/thumb/v7e-m+dp/hard/crt0.o (__libc_init_array)
c:/st/stm32cubeide_1.5.0/stm32cubeide/plugins/com.st.stm32cube.ide.mcu.externaltools.gnu-tools-for-stm32.9-2020-q2-update.win32_1.5.0.202011040924/tools/bin/../lib/gcc/arm-none-eabi/9.3.1/../../../../arm-none-eabi/lib/thumb/v7e-m+dp/hard\libc_nano.a(lib_a-memset.o)
                              c:/st/stm32cubeide_1.5.0/stm32cubeide/plugins/com.st.stm32cube.ide.mcu.externaltools.gnu-tools-for-stm32.9-2020-q2-update.win32_1.5.0.202011040924/tools/bin/../lib/gcc/arm-none-eabi/9.3.1/../../../../arm-none-eabi/lib/thumb/v7e-m+dp/hard/crt0.o (memset)
c:/st/stm32cubeide_1.5.0/stm32cubeide/plugins/com.st.stm32cube.ide.mcu.externaltools.gnu-tools-for-stm32.9-2020-q2-update.win32_1.5.0.202011040924/tools/bin/../lib/gcc/arm-none-eabi/9.3.1/thumb/v7e-m+dp/hard\libgcc.a(_aeabi_uldivmod.o)
                              Drivers/STM32H7xx_HAL_Driver/stm32h7xx_hal_uart.o (__aeabi_uldivmod)
c:/st/stm32cubeide_1.5.0/stm32cubeide/plugins/com.st.stm32cube.ide.mcu.externaltools.gnu-tools-for-stm32.9-2020-q2-update.win32_1.5.0.202011040924/tools/bin/../lib/gcc/arm-none-eabi/9.3.1/thumb/v7e-m+dp/hard\libgcc.a(_udivmoddi4.o)
                              c:/st/stm32cubeide_1.5.0/stm32cubeide/plugins/com.st.stm32cube.ide.mcu.externaltools.gnu-tools-for-stm32.9-2020-q2-update.win32_1.5.0.202011040924/tools/bin/../lib/gcc/arm-none-eabi/9.3.1/thumb/v7e-m+dp/hard\libgcc.a(_aeabi_uldivmod.o) (__udivmoddi4)
c:/st/stm32cubeide_1.5.0/stm32cubeide/plugins/com.st.stm32cube.ide.mcu.externaltools.gnu-tools-for-stm32.9-2020-q2-update.win32_1.5.0.202011040924/tools/bin/../lib/gcc/arm-none-eabi/9.3.1/thumb/v7e-m+dp/hard\libgcc.a(_dvmd_tls.o)
                              c:/st/stm32cubeide_1.5.0/stm32cubeide/plugins/com.st.stm32cube.ide.mcu.externaltools.gnu-tools-for-stm32.9-2020-q2-update.win32_1.5.0.202011040924/tools/bin/../lib/gcc/arm-none-eabi/9.3.1/thumb/v7e-m+dp/hard\libgcc.a(_aeabi_uldivmod.o) (__aeabi_ldiv0)

Allocating common symbols
Common symbol       size              file

huart3              0x90              Core/Src/main.o
hpcd_USB_OTG_FS     0x408             Core/Src/main.o
uwTick              0x4               Drivers/STM32H7xx_HAL_Driver/stm32h7xx_hal.o
pFlash              0x1c              Drivers/STM32H7xx_HAL_Driver/stm32h7xx_hal_flash.o
heth                0x88              Core/Src/main.o
TxConfig            0x34              Core/Src/main.o

Discarded input sections

 .text          0x0000000000000000        0x0 c:/st/stm32cubeide_1.5.0/stm32cubeide/plugins/com.st.stm32cube.ide.mcu.externaltools.gnu-tools-for-stm32.9-2020-q2-update.win32_1.5.0.202011040924/tools/bin/../lib/gcc/arm-none-eabi/9.3.1/thumb/v7e-m+dp/hard/crti.o
 .data          0x0000000000000000        0x0 c:/st/stm32cubeide_1.5.0/stm32cubeide/plugins/com.st.stm32cube.ide.mcu.externaltools.gnu-tools-for-stm32.9-2020-q2-update.win32_1.5.0.202011040924/tools/bin/../lib/gcc/arm-none-eabi/9.3.1/thumb/v7e-m+dp/hard/crti.o
[...]
Memory Configuration

Name             Origin             Length             Attributes
RAM              0x0000000024000000 0x0000000000040000 xrw
FLASH            0x0000000008000000 0x0000000000100000 xr
DTCMRAM          0x0000000020000000 0x0000000000020000 xrw
RAM_D2           0x0000000030000000 0x0000000000048000 xrw
RAM_D3           0x0000000038000000 0x0000000000010000 xrw
ITCMRAM          0x0000000000000000 0x0000000000010000 xrw
*default*        0x0000000000000000 0xffffffffffffffff

Linker script and memory map

LOAD c:/st/stm32cubeide_1.5.0/stm32cubeide/plugins/com.st.stm32cube.ide.mcu.externaltools.gnu-tools-for-stm32.9-2020-q2-update.win32_1.5.0.202011040924/tools/bin/../lib/gcc/arm-none-eabi/9.3.1/thumb/v7e-m+dp/hard/crti.o
LOAD c:/st/stm32cubeide_1.5.0/stm32cubeide/plugins/com.st.stm32cube.ide.mcu.externaltools.gnu-tools-for-stm32.9-2020-q2-update.win32_1.5.0.202011040924/tools/bin/../lib/gcc/arm-none-eabi/9.3.1/thumb/v7e-m+dp/hard/crtbegin.o
LOAD c:/st/stm32cubeide_1.5.0/stm32cubeide/plugins/com.st.stm32cube.ide.mcu.externaltools.gnu-tools-for-stm32.9-2020-q2-update.win32_1.5.0.202011040924/tools/bin/../lib/gcc/arm-none-eabi/9.3.1/../../../../arm-none-eabi/lib/thumb/v7e-m+dp/hard/crt0.o
LOAD Common/Src/system_stm32h7xx_dualcore_boot_cm4_cm7.o
LOAD Core/Src/main.o
LOAD Core/Src/stm32h7xx_hal_msp.o
LOAD Core/Src/stm32h7xx_it.o
LOAD Core/Src/syscalls.o
LOAD Core/Src/sysmem.o
LOAD Core/Startup/startup_stm32h745zitx.o
LOAD Drivers/STM32H7xx_HAL_Driver/stm32h7xx_hal.o
LOAD Drivers/STM32H7xx_HAL_Driver/stm32h7xx_hal_cortex.o
LOAD Drivers/STM32H7xx_HAL_Driver/stm32h7xx_hal_dma.o
LOAD Drivers/STM32H7xx_HAL_Driver/stm32h7xx_hal_dma_ex.o
LOAD Drivers/STM32H7xx_HAL_Driver/stm32h7xx_hal_eth.o
LOAD Drivers/STM32H7xx_HAL_Driver/stm32h7xx_hal_eth_ex.o
LOAD Drivers/STM32H7xx_HAL_Driver/stm32h7xx_hal_exti.o
LOAD Drivers/STM32H7xx_HAL_Driver/stm32h7xx_hal_flash.o
LOAD Drivers/STM32H7xx_HAL_Driver/stm32h7xx_hal_flash_ex.o
LOAD Drivers/STM32H7xx_HAL_Driver/stm32h7xx_hal_gpio.o
LOAD Drivers/STM32H7xx_HAL_Driver/stm32h7xx_hal_hsem.o
LOAD Drivers/STM32H7xx_HAL_Driver/stm32h7xx_hal_i2c.o
LOAD Drivers/STM32H7xx_HAL_Driver/stm32h7xx_hal_i2c_ex.o
LOAD Drivers/STM32H7xx_HAL_Driver/stm32h7xx_hal_mdma.o
LOAD Drivers/STM32H7xx_HAL_Driver/stm32h7xx_hal_pcd.o
LOAD Drivers/STM32H7xx_HAL_Driver/stm32h7xx_hal_pcd_ex.o
LOAD Drivers/STM32H7xx_HAL_Driver/stm32h7xx_hal_pwr.o
LOAD Drivers/STM32H7xx_HAL_Driver/stm32h7xx_hal_pwr_ex.o
LOAD Drivers/STM32H7xx_HAL_Driver/stm32h7xx_hal_rcc.o
LOAD Drivers/STM32H7xx_HAL_Driver/stm32h7xx_hal_rcc_ex.o
LOAD Drivers/STM32H7xx_HAL_Driver/stm32h7xx_hal_tim.o
LOAD Drivers/STM32H7xx_HAL_Driver/stm32h7xx_hal_tim_ex.o
LOAD Drivers/STM32H7xx_HAL_Driver/stm32h7xx_hal_uart.o
LOAD Drivers/STM32H7xx_HAL_Driver/stm32h7xx_hal_uart_ex.o
LOAD Drivers/STM32H7xx_HAL_Driver/stm32h7xx_ll_usb.o
START GROUP
LOAD c:/st/stm32cubeide_1.5.0/stm32cubeide/plugins/com.st.stm32cube.ide.mcu.externaltools.gnu-tools-for-stm32.9-2020-q2-update.win32_1.5.0.202011040924/tools/bin/../lib/gcc/arm-none-eabi/9.3.1/../../../../arm-none-eabi/lib/thumb/v7e-m+dp/hard\libc_nano.a
LOAD c:/st/stm32cubeide_1.5.0/stm32cubeide/plugins/com.st.stm32cube.ide.mcu.externaltools.gnu-tools-for-stm32.9-2020-q2-update.win32_1.5.0.202011040924/tools/bin/../lib/gcc/arm-none-eabi/9.3.1/../../../../arm-none-eabi/lib/thumb/v7e-m+dp/hard\libm.a
END GROUP
START GROUP
LOAD c:/st/stm32cubeide_1.5.0/stm32cubeide/plugins/com.st.stm32cube.ide.mcu.externaltools.gnu-tools-for-stm32.9-2020-q2-update.win32_1.5.0.202011040924/tools/bin/../lib/gcc/arm-none-eabi/9.3.1/thumb/v7e-m+dp/hard\libgcc.a
LOAD c:/st/stm32cubeide_1.5.0/stm32cubeide/plugins/com.st.stm32cube.ide.mcu.externaltools.gnu-tools-for-stm32.9-2020-q2-update.win32_1.5.0.202011040924/tools/bin/../lib/gcc/arm-none-eabi/9.3.1/../../../../arm-none-eabi/lib/thumb/v7e-m+dp/hard\libc_nano.a
END GROUP
START GROUP
LOAD c:/st/stm32cubeide_1.5.0/stm32cubeide/plugins/com.st.stm32cube.ide.mcu.externaltools.gnu-tools-for-stm32.9-2020-q2-update.win32_1.5.0.202011040924/tools/bin/../lib/gcc/arm-none-eabi/9.3.1/thumb/v7e-m+dp/hard\libgcc.a
LOAD c:/st/stm32cubeide_1.5.0/stm32cubeide/plugins/com.st.stm32cube.ide.mcu.externaltools.gnu-tools-for-stm32.9-2020-q2-update.win32_1.5.0.202011040924/tools/bin/../lib/gcc/arm-none-eabi/9.3.1/../../../../arm-none-eabi/lib/thumb/v7e-m+dp/hard\libc_nano.a
LOAD c:/st/stm32cubeide_1.5.0/stm32cubeide/plugins/com.st.stm32cube.ide.mcu.externaltools.gnu-tools-for-stm32.9-2020-q2-update.win32_1.5.0.202011040924/tools/bin/../lib/gcc/arm-none-eabi/9.3.1/../../../../arm-none-eabi/lib/thumb/v7e-m+dp/hard\libnosys.a
END GROUP
START GROUP
LOAD c:/st/stm32cubeide_1.5.0/stm32cubeide/plugins/com.st.stm32cube.ide.mcu.externaltools.gnu-tools-for-stm32.9-2020-q2-update.win32_1.5.0.202011040924/tools/bin/../lib/gcc/arm-none-eabi/9.3.1/thumb/v7e-m+dp/hard\libgcc.a
LOAD c:/st/stm32cubeide_1.5.0/stm32cubeide/plugins/com.st.stm32cube.ide.mcu.externaltools.gnu-tools-for-stm32.9-2020-q2-update.win32_1.5.0.202011040924/tools/bin/../lib/gcc/arm-none-eabi/9.3.1/../../../../arm-none-eabi/lib/thumb/v7e-m+dp/hard\libc_nano.a
LOAD c:/st/stm32cubeide_1.5.0/stm32cubeide/plugins/com.st.stm32cube.ide.mcu.externaltools.gnu-tools-for-stm32.9-2020-q2-update.win32_1.5.0.202011040924/tools/bin/../lib/gcc/arm-none-eabi/9.3.1/../../../../arm-none-eabi/lib/thumb/v7e-m+dp/hard\libnosys.a
END GROUP
LOAD c:/st/stm32cubeide_1.5.0/stm32cubeide/plugins/com.st.stm32cube.ide.mcu.externaltools.gnu-tools-for-stm32.9-2020-q2-update.win32_1.5.0.202011040924/tools/bin/../lib/gcc/arm-none-eabi/9.3.1/thumb/v7e-m+dp/hard/crtend.o
LOAD c:/st/stm32cubeide_1.5.0/stm32cubeide/plugins/com.st.stm32cube.ide.mcu.externaltools.gnu-tools-for-stm32.9-2020-q2-update.win32_1.5.0.202011040924/tools/bin/../lib/gcc/arm-none-eabi/9.3.1/thumb/v7e-m+dp/hard/crtn.o
                0x0000000024040000                _estack = (ORIGIN (RAM) + LENGTH (RAM))
                0x0000000000000200                _Min_Heap_Size = 0x200
                0x0000000000000400                _Min_Stack_Size = 0x400

.isr_vector     0x0000000008000000      0x298
                0x0000000008000000                . = ALIGN (0x4)
 *(.isr_vector)
 .isr_vector    0x0000000008000000      0x298 Core/Startup/startup_stm32h745zitx.o
                0x0000000008000000                g_pfnVectors
                0x0000000008000298                . = ALIGN (0x4)

.text           0x0000000008000298     0x61ec
                0x0000000008000298                . = ALIGN (0x4)
 *(.text)
 .text          0x0000000008000298       0x40 c:/st/stm32cubeide_1.5.0/stm32cubeide/plugins/com.st.stm32cube.ide.mcu.externaltools.gnu-tools-for-stm32.9-2020-q2-update.win32_1.5.0.202011040924/tools/bin/../lib/gcc/arm-none-eabi/9.3.1/thumb/v7e-m+dp/hard/crtbegin.o
 .text          0x00000000080002d8       0x30 c:/st/stm32cubeide_1.5.0/stm32cubeide/plugins/com.st.stm32cube.ide.mcu.externaltools.gnu-tools-for-stm32.9-2020-q2-update.win32_1.5.0.202011040924/tools/bin/../lib/gcc/arm-none-eabi/9.3.1/thumb/v7e-m+dp/hard\libgcc.a(_aeabi_uldivmod.o)
                0x00000000080002d8                __aeabi_uldivmod
 .text          0x0000000008000308      0x2c4 c:/st/stm32cubeide_1.5.0/stm32cubeide/plugins/com.st.stm32cube.ide.mcu.externaltools.gnu-tools-for-stm32.9-2020-q2-update.win32_1.5.0.202011040924/tools/bin/../lib/gcc/arm-none-eabi/9.3.1/thumb/v7e-m+dp/hard\libgcc.a(_udivmoddi4.o)
                0x0000000008000308                __udivmoddi4
 .text          0x00000000080005cc        0x4 c:/st/stm32cubeide_1.5.0/stm32cubeide/plugins/com.st.stm32cube.ide.mcu.externaltools.gnu-tools-for-stm32.9-2020-q2-update.win32_1.5.0.202011040924/tools/bin/../lib/gcc/arm-none-eabi/9.3.1/thumb/v7e-m+dp/hard\libgcc.a(_dvmd_tls.o)
                0x00000000080005cc                __aeabi_idiv0
                0x00000000080005cc                __aeabi_ldiv0
 *(.text*)
 .text.SystemInit
                0x00000000080005d0      0x134 Common/Src/system_stm32h7xx_dualcore_boot_cm4_cm7.o
                0x00000000080005d0                SystemInit
 .text.main     0x0000000008000704      0x3e4 Core/Src/main.o
                0x0000000008000704                main
 .text.SystemClock_Config
                0x0000000008000ae8      0x108 Core/Src/main.o
                0x0000000008000ae8                SystemClock_Config
 .text.MX_ETH_Init
                0x0000000008000bf0       0xa4 Core/Src/main.o
 .text.MX_USART3_UART_Init
                0x0000000008000c94       0x98 Core/Src/main.o
 .text.MX_USB_OTG_FS_PCD_Init
                0x0000000008000d2c       0x64 Core/Src/main.o
 .text.MX_GPIO_Init
                0x0000000008000d90      0x130 Core/Src/main.o
 .text.Awin     0x0000000008000ec0       0x20 Core/Src/main.o
                0x0000000008000ec0                Awin
 .text.Bwin     0x0000000008000ee0       0x18 Core/Src/main.o
                0x0000000008000ee0                Bwin
 .text.updateOutput
                0x0000000008000ef8       0x30 Core/Src/main.o
                0x0000000008000ef8                updateOutput
 .text.rollScore1
                0x0000000008000f28       0x38 Core/Src/main.o
                0x0000000008000f28                rollScore1
 .text.rollScore2
                0x0000000008000f60       0x58 Core/Src/main.o
                0x0000000008000f60                rollScore2
 .text.Error_Handler
                0x0000000008000fb8        0xa Core/Src/main.o
                0x0000000008000fb8                Error_Handler
 *fill*         0x0000000008000fc2        0x2 
 .text.HAL_MspInit
                0x0000000008000fc4       0x34 Core/Src/stm32h7xx_hal_msp.o
                0x0000000008000fc4                HAL_MspInit
 .text.HAL_ETH_MspInit
                0x0000000008000ff8      0x19c Core/Src/stm32h7xx_hal_msp.o
                0x0000000008000ff8                HAL_ETH_MspInit
 .text.HAL_UART_MspInit
                0x0000000008001194       0xcc Core/Src/stm32h7xx_hal_msp.o
                0x0000000008001194                HAL_UART_MspInit
 .text.HAL_PCD_MspInit
                0x0000000008001260      0x110 Core/Src/stm32h7xx_hal_msp.o
                0x0000000008001260                HAL_PCD_MspInit
 .text.NMI_Handler
                0x0000000008001370        0x6 Core/Src/stm32h7xx_it.o
                0x0000000008001370                NMI_Handler
 .text.HardFault_Handler
                0x0000000008001376        0x6 Core/Src/stm32h7xx_it.o
                0x0000000008001376                HardFault_Handler
 .text.MemManage_Handler
                0x000000000800137c        0x6 Core/Src/stm32h7xx_it.o
                0x000000000800137c                MemManage_Handler
 .text.BusFault_Handler
                0x0000000008001382        0x6 Core/Src/stm32h7xx_it.o
                0x0000000008001382                BusFault_Handler
 .text.UsageFault_Handler
                0x0000000008001388        0x6 Core/Src/stm32h7xx_it.o
                0x0000000008001388                UsageFault_Handler
 .text.SVC_Handler
                0x000000000800138e        0xe Core/Src/stm32h7xx_it.o
                0x000000000800138e                SVC_Handler
 .text.DebugMon_Handler
                0x000000000800139c        0xe Core/Src/stm32h7xx_it.o
                0x000000000800139c                DebugMon_Handler
 .text.PendSV_Handler
                0x00000000080013aa        0xe Core/Src/stm32h7xx_it.o
                0x00000000080013aa                PendSV_Handler
 .text.SysTick_Handler
                0x00000000080013b8        0xc Core/Src/stm32h7xx_it.o
                0x00000000080013b8                SysTick_Handler
 .text.Reset_Handler
                0x00000000080013c4       0x50 Core/Startup/startup_stm32h745zitx.o
                0x00000000080013c4                Reset_Handler
 .text.Default_Handler
                0x0000000008001414        0x2 Core/Startup/startup_stm32h745zitx.o
                0x0000000008001414                RTC_Alarm_IRQHandler
                0x0000000008001414                EXTI2_IRQHandler
                0x0000000008001414                TIM8_CC_IRQHandler
                0x0000000008001414                HRTIM1_Master_IRQHandler
                0x0000000008001414                UART8_IRQHandler
                0x0000000008001414                SPI4_IRQHandler
                0x0000000008001414                TIM1_CC_IRQHandler
                0x0000000008001414                BDMA_Channel6_IRQHandler
                0x0000000008001414                DMA2_Stream5_IRQHandler
                0x0000000008001414                HRTIM1_FLT_IRQHandler
                0x0000000008001414                JPEG_IRQHandler
                0x0000000008001414                DMA1_Stream5_IRQHandler
                0x0000000008001414                BDMA_Channel1_IRQHandler
                0x0000000008001414                HRTIM1_TIMD_IRQHandler
                0x0000000008001414                TAMP_STAMP_IRQHandler
                0x0000000008001414                EXTI3_IRQHandler
                0x0000000008001414                LPTIM4_IRQHandler
                0x0000000008001414                TIM8_TRG_COM_TIM14_IRQHandler
                0x0000000008001414                LPTIM2_IRQHandler
                0x0000000008001414                DFSDM1_FLT1_IRQHandler
                0x0000000008001414                DMAMUX2_OVR_IRQHandler
                0x0000000008001414                TIM8_UP_TIM13_IRQHandler
                0x0000000008001414                I2C3_ER_IRQHandler
                0x0000000008001414                DFSDM1_FLT2_IRQHandler
                0x0000000008001414                MDMA_IRQHandler
                0x0000000008001414                LPTIM3_IRQHandler
                0x0000000008001414                HSEM1_IRQHandler
                0x0000000008001414                EXTI0_IRQHandler
                0x0000000008001414                I2C2_EV_IRQHandler
                0x0000000008001414                DMA1_Stream2_IRQHandler
                0x0000000008001414                FPU_IRQHandler
                0x0000000008001414                OTG_HS_WKUP_IRQHandler
                0x0000000008001414                FDCAN1_IT1_IRQHandler
                0x0000000008001414                LTDC_ER_IRQHandler
                0x0000000008001414                DMA2_Stream2_IRQHandler
                0x0000000008001414                HRTIM1_TIME_IRQHandler
                0x0000000008001414                SPI1_IRQHandler
                0x0000000008001414                TIM6_DAC_IRQHandler
                0x0000000008001414                DCMI_IRQHandler
                0x0000000008001414                HRTIM1_TIMC_IRQHandler
                0x0000000008001414                DMA2_Stream3_IRQHandler
                0x0000000008001414                SAI2_IRQHandler
                0x0000000008001414                DFSDM1_FLT3_IRQHandler
                0x0000000008001414                USART6_IRQHandler
                0x0000000008001414                TIM17_IRQHandler
                0x0000000008001414                USART3_IRQHandler
                0x0000000008001414                BDMA_Channel7_IRQHandler
                0x0000000008001414                LPTIM5_IRQHandler
                0x0000000008001414                UART5_IRQHandler
                0x0000000008001414                ADC3_IRQHandler
                0x0000000008001414                DMA2_Stream0_IRQHandler
                0x0000000008001414                TIM4_IRQHandler
                0x0000000008001414                BDMA_Channel2_IRQHandler
                0x0000000008001414                QUADSPI_IRQHandler
                0x0000000008001414                I2C1_EV_IRQHandler
                0x0000000008001414                DMA1_Stream6_IRQHandler
                0x0000000008001414                DMAMUX1_OVR_IRQHandler
                0x0000000008001414                DMA1_Stream1_IRQHandler
                0x0000000008001414                TIM16_IRQHandler
                0x0000000008001414                UART4_IRQHandler
                0x0000000008001414                BDMA_Channel5_IRQHandler
                0x0000000008001414                TIM3_IRQHandler
                0x0000000008001414                RCC_IRQHandler
                0x0000000008001414                TIM8_BRK_TIM12_IRQHandler
                0x0000000008001414                TIM1_TRG_COM_IRQHandler
                0x0000000008001414                Default_Handler
                0x0000000008001414                ECC_IRQHandler
                0x0000000008001414                CEC_IRQHandler
                0x0000000008001414                EXTI15_10_IRQHandler
                0x0000000008001414                BDMA_Channel0_IRQHandler
                0x0000000008001414                ADC_IRQHandler
                0x0000000008001414                DMA1_Stream7_IRQHandler
                0x0000000008001414                HRTIM1_TIMA_IRQHandler
                0x0000000008001414                SPI5_IRQHandler
                0x0000000008001414                TIM7_IRQHandler
                0x0000000008001414                SDMMC1_IRQHandler
                0x0000000008001414                TIM5_IRQHandler
                0x0000000008001414                DMA2_Stream7_IRQHandler
                0x0000000008001414                TIM15_IRQHandler
                0x0000000008001414                PVD_AVD_IRQHandler
                0x0000000008001414                I2C3_EV_IRQHandler
                0x0000000008001414                EXTI9_5_IRQHandler
                0x0000000008001414                RTC_WKUP_IRQHandler
                0x0000000008001414                LTDC_IRQHandler
                0x0000000008001414                SAI3_IRQHandler
                0x0000000008001414                ETH_WKUP_IRQHandler
                0x0000000008001414                SPDIF_RX_IRQHandler
                0x0000000008001414                SPI2_IRQHandler
                0x0000000008001414                OTG_HS_EP1_IN_IRQHandler
                0x0000000008001414                DMA1_Stream0_IRQHandler
                0x0000000008001414                CRS_IRQHandler
                0x0000000008001414                CM7_SEV_IRQHandler
                0x0000000008001414                EXTI4_IRQHandler
                0x0000000008001414                RNG_IRQHandler
                0x0000000008001414                CM4_SEV_IRQHandler
                0x0000000008001414                HRTIM1_TIMB_IRQHandler
                0x0000000008001414                FDCAN2_IT1_IRQHandler
                0x0000000008001414                ETH_IRQHandler
                0x0000000008001414                TIM1_UP_IRQHandler
                0x0000000008001414                WWDG_RST_IRQHandler
                0x0000000008001414                BDMA_Channel4_IRQHandler
                0x0000000008001414                OTG_HS_EP1_OUT_IRQHandler
                0x0000000008001414                WWDG_IRQHandler
                0x0000000008001414                SPI6_IRQHandler
                0x0000000008001414                MDIOS_IRQHandler
                0x0000000008001414                I2C4_EV_IRQHandler
                0x0000000008001414                FDCAN2_IT0_IRQHandler
                0x0000000008001414                LPUART1_IRQHandler
                0x0000000008001414                FDCAN1_IT0_IRQHandler
                0x0000000008001414                TIM2_IRQHandler
                0x0000000008001414                OTG_FS_WKUP_IRQHandler
                0x0000000008001414                OTG_HS_IRQHandler
                0x0000000008001414                HSEM2_IRQHandler
                0x0000000008001414                DMA2D_IRQHandler
                0x0000000008001414                TIM1_BRK_IRQHandler
                0x0000000008001414                EXTI1_IRQHandler
                0x0000000008001414                SDMMC2_IRQHandler
                0x0000000008001414                OTG_FS_EP1_OUT_IRQHandler
                0x0000000008001414                BDMA_Channel3_IRQHandler
                0x0000000008001414                HOLD_CORE_IRQHandler
                0x0000000008001414                UART7_IRQHandler
                0x0000000008001414                MDIOS_WKUP_IRQHandler
                0x0000000008001414                USART2_IRQHandler
                0x0000000008001414                DFSDM1_FLT0_IRQHandler
                0x0000000008001414                SAI4_IRQHandler
                0x0000000008001414                I2C2_ER_IRQHandler
                0x0000000008001414                DMA2_Stream1_IRQHandler
                0x0000000008001414                FLASH_IRQHandler
                0x0000000008001414                DMA2_Stream4_IRQHandler
                0x0000000008001414                USART1_IRQHandler
                0x0000000008001414                OTG_FS_IRQHandler
                0x0000000008001414                SPI3_IRQHandler
                0x0000000008001414                WAKEUP_PIN_IRQHandler
                0x0000000008001414                DMA1_Stream4_IRQHandler
                0x0000000008001414                OTG_FS_EP1_IN_IRQHandler
                0x0000000008001414                I2C1_ER_IRQHandler
                0x0000000008001414                FMC_IRQHandler
                0x0000000008001414                FDCAN_CAL_IRQHandler
                0x0000000008001414                SWPMI1_IRQHandler
                0x0000000008001414                COMP1_IRQHandler
                0x0000000008001414                LPTIM1_IRQHandler
                0x0000000008001414                I2C4_ER_IRQHandler
                0x0000000008001414                DMA2_Stream6_IRQHandler
                0x0000000008001414                SAI1_IRQHandler
                0x0000000008001414                DMA1_Stream3_IRQHandler
 *fill*         0x0000000008001416        0x2 
 .text.HAL_Init
                0x0000000008001418       0x78 Drivers/STM32H7xx_HAL_Driver/stm32h7xx_hal.o
                0x0000000008001418                HAL_Init
 .text.HAL_InitTick
                0x0000000008001490       0x6c Drivers/STM32H7xx_HAL_Driver/stm32h7xx_hal.o
                0x0000000008001490                HAL_InitTick
 .text.HAL_IncTick
                0x00000000080014fc       0x28 Drivers/STM32H7xx_HAL_Driver/stm32h7xx_hal.o
                0x00000000080014fc                HAL_IncTick
 .text.HAL_GetTick
                0x0000000008001524       0x18 Drivers/STM32H7xx_HAL_Driver/stm32h7xx_hal.o
                0x0000000008001524                HAL_GetTick
 .text.HAL_Delay
                0x000000000800153c       0x48 Drivers/STM32H7xx_HAL_Driver/stm32h7xx_hal.o
                0x000000000800153c                HAL_Delay
 .text.HAL_GetREVID
                0x0000000008001584       0x18 Drivers/STM32H7xx_HAL_Driver/stm32h7xx_hal.o
                0x0000000008001584                HAL_GetREVID
 .text.HAL_SYSCFG_ETHInterfaceSelect
                0x000000000800159c       0x28 Drivers/STM32H7xx_HAL_Driver/stm32h7xx_hal.o
                0x000000000800159c                HAL_SYSCFG_ETHInterfaceSelect
 .text.__NVIC_SetPriorityGrouping
                0x00000000080015c4       0x48 Drivers/STM32H7xx_HAL_Driver/stm32h7xx_hal_cortex.o
 .text.__NVIC_GetPriorityGrouping
                0x000000000800160c       0x1c Drivers/STM32H7xx_HAL_Driver/stm32h7xx_hal_cortex.o
 .text.__NVIC_SetPriority
                0x0000000008001628       0x54 Drivers/STM32H7xx_HAL_Driver/stm32h7xx_hal_cortex.o
 .text.NVIC_EncodePriority
                0x000000000800167c       0x66 Drivers/STM32H7xx_HAL_Driver/stm32h7xx_hal_cortex.o
 *fill*         0x00000000080016e2        0x2 
 .text.SysTick_Config
                0x00000000080016e4       0x44 Drivers/STM32H7xx_HAL_Driver/stm32h7xx_hal_cortex.o
 .text.HAL_NVIC_SetPriorityGrouping
                0x0000000008001728       0x16 Drivers/STM32H7xx_HAL_Driver/stm32h7xx_hal_cortex.o
                0x0000000008001728                HAL_NVIC_SetPriorityGrouping
 .text.HAL_NVIC_SetPriority
                0x000000000800173e       0x34 Drivers/STM32H7xx_HAL_Driver/stm32h7xx_hal_cortex.o
                0x000000000800173e                HAL_NVIC_SetPriority
 .text.HAL_SYSTICK_Config
                0x0000000008001772       0x18 Drivers/STM32H7xx_HAL_Driver/stm32h7xx_hal_cortex.o
                0x0000000008001772                HAL_SYSTICK_Config
 *fill*         0x000000000800178a        0x2 
 .text.HAL_ETH_Init
                0x000000000800178c      0x1b4 Drivers/STM32H7xx_HAL_Driver/stm32h7xx_hal_eth.o
                0x000000000800178c                HAL_ETH_Init
 .text.ETH_SetMACConfig
                0x0000000008001940      0x238 Drivers/STM32H7xx_HAL_Driver/stm32h7xx_hal_eth.o
 .text.ETH_SetDMAConfig
                0x0000000008001b78      0x10c Drivers/STM32H7xx_HAL_Driver/stm32h7xx_hal_eth.o
 .text.ETH_MACDMAConfig
                0x0000000008001c84      0x13a Drivers/STM32H7xx_HAL_Driver/stm32h7xx_hal_eth.o
 *fill*         0x0000000008001dbe        0x2 
 .text.ETH_MAC_MDIO_ClkConfig
                0x0000000008001dc0       0xb0 Drivers/STM32H7xx_HAL_Driver/stm32h7xx_hal_eth.o
 .text.ETH_DMATxDescListInit
                0x0000000008001e70       0x8e Drivers/STM32H7xx_HAL_Driver/stm32h7xx_hal_eth.o
 .text.ETH_DMARxDescListInit
                0x0000000008001efe       0xba Drivers/STM32H7xx_HAL_Driver/stm32h7xx_hal_eth.o
 .text.HAL_GPIO_Init
                0x0000000008001fb8      0x360 Drivers/STM32H7xx_HAL_Driver/stm32h7xx_hal_gpio.o
                0x0000000008001fb8                HAL_GPIO_Init
 .text.HAL_GPIO_ReadPin
                0x0000000008002318       0x30 Drivers/STM32H7xx_HAL_Driver/stm32h7xx_hal_gpio.o
                0x0000000008002318                HAL_GPIO_ReadPin
 .text.HAL_HSEM_FastTake
                0x0000000008002348       0x34 Drivers/STM32H7xx_HAL_Driver/stm32h7xx_hal_hsem.o
                0x0000000008002348                HAL_HSEM_FastTake
 .text.HAL_HSEM_Release
                0x000000000800237c       0x28 Drivers/STM32H7xx_HAL_Driver/stm32h7xx_hal_hsem.o
                0x000000000800237c                HAL_HSEM_Release
 .text.HAL_PCD_Init
                0x00000000080023a4      0x248 Drivers/STM32H7xx_HAL_Driver/stm32h7xx_hal_pcd.o
                0x00000000080023a4                HAL_PCD_Init
 .text.HAL_PCDEx_ActivateLPM
                0x00000000080025ec       0x48 Drivers/STM32H7xx_HAL_Driver/stm32h7xx_hal_pcd_ex.o
                0x00000000080025ec                HAL_PCDEx_ActivateLPM
 .text.HAL_PWREx_ConfigSupply
                0x0000000008002634       0xb4 Drivers/STM32H7xx_HAL_Driver/stm32h7xx_hal_pwr_ex.o
                0x0000000008002634                HAL_PWREx_ConfigSupply
 .text.HAL_PWREx_EnableUSBVoltageDetector
                0x00000000080026e8       0x20 Drivers/STM32H7xx_HAL_Driver/stm32h7xx_hal_pwr_ex.o
                0x00000000080026e8                HAL_PWREx_EnableUSBVoltageDetector
 .text.HAL_RCC_OscConfig
                0x0000000008002708      0x858 Drivers/STM32H7xx_HAL_Driver/stm32h7xx_hal_rcc.o
                0x0000000008002708                HAL_RCC_OscConfig
 .text.HAL_RCC_ClockConfig
                0x0000000008002f60      0x36c Drivers/STM32H7xx_HAL_Driver/stm32h7xx_hal_rcc.o
                0x0000000008002f60                HAL_RCC_ClockConfig
 .text.HAL_RCC_GetSysClockFreq
                0x00000000080032cc      0x2f4 Drivers/STM32H7xx_HAL_Driver/stm32h7xx_hal_rcc.o
                0x00000000080032cc                HAL_RCC_GetSysClockFreq
 .text.HAL_RCC_GetHCLKFreq
                0x00000000080035c0       0x60 Drivers/STM32H7xx_HAL_Driver/stm32h7xx_hal_rcc.o
                0x00000000080035c0                HAL_RCC_GetHCLKFreq
 .text.HAL_RCC_GetPCLK1Freq
                0x0000000008003620       0x2c Drivers/STM32H7xx_HAL_Driver/stm32h7xx_hal_rcc.o
                0x0000000008003620                HAL_RCC_GetPCLK1Freq
 .text.HAL_RCC_GetPCLK2Freq
                0x000000000800364c       0x2c Drivers/STM32H7xx_HAL_Driver/stm32h7xx_hal_rcc.o
                0x000000000800364c                HAL_RCC_GetPCLK2Freq
 .text.HAL_RCCEx_PeriphCLKConfig
                0x0000000008003678      0xe80 Drivers/STM32H7xx_HAL_Driver/stm32h7xx_hal_rcc_ex.o
                0x0000000008003678                HAL_RCCEx_PeriphCLKConfig
 .text.HAL_RCCEx_GetD3PCLK1Freq
                0x00000000080044f8       0x2c Drivers/STM32H7xx_HAL_Driver/stm32h7xx_hal_rcc_ex.o
                0x00000000080044f8                HAL_RCCEx_GetD3PCLK1Freq
 .text.HAL_RCCEx_GetPLL2ClockFreq
                0x0000000008004524      0x2a8 Drivers/STM32H7xx_HAL_Driver/stm32h7xx_hal_rcc_ex.o
                0x0000000008004524                HAL_RCCEx_GetPLL2ClockFreq
 .text.HAL_RCCEx_GetPLL3ClockFreq
                0x00000000080047cc      0x2a8 Drivers/STM32H7xx_HAL_Driver/stm32h7xx_hal_rcc_ex.o
                0x00000000080047cc                HAL_RCCEx_GetPLL3ClockFreq
 .text.RCCEx_PLL2_Config
                0x0000000008004a74      0x164 Drivers/STM32H7xx_HAL_Driver/stm32h7xx_hal_rcc_ex.o
 .text.RCCEx_PLL3_Config
                0x0000000008004bd8      0x164 Drivers/STM32H7xx_HAL_Driver/stm32h7xx_hal_rcc_ex.o
 .text.HAL_UART_Init
                0x0000000008004d3c       0xa0 Drivers/STM32H7xx_HAL_Driver/stm32h7xx_hal_uart.o
                0x0000000008004d3c                HAL_UART_Init
 .text.UART_SetConfig
                0x0000000008004ddc      0xac0 Drivers/STM32H7xx_HAL_Driver/stm32h7xx_hal_uart.o
                0x0000000008004ddc                UART_SetConfig
 .text.UART_AdvFeatureConfig
                0x000000000800589c      0x144 Drivers/STM32H7xx_HAL_Driver/stm32h7xx_hal_uart.o
                0x000000000800589c                UART_AdvFeatureConfig
 .text.UART_CheckIdleState
                0x00000000080059e0       0x96 Drivers/STM32H7xx_HAL_Driver/stm32h7xx_hal_uart.o
                0x00000000080059e0                UART_CheckIdleState
 .text.UART_WaitOnFlagUntilTimeout
                0x0000000008005a76      0x190 Drivers/STM32H7xx_HAL_Driver/stm32h7xx_hal_uart.o
                0x0000000008005a76                UART_WaitOnFlagUntilTimeout
 .text.HAL_UARTEx_DisableFifoMode
                0x0000000008005c06       0x72 Drivers/STM32H7xx_HAL_Driver/stm32h7xx_hal_uart_ex.o
                0x0000000008005c06                HAL_UARTEx_DisableFifoMode
 .text.HAL_UARTEx_SetTxFifoThreshold
                0x0000000008005c78       0x7c Drivers/STM32H7xx_HAL_Driver/stm32h7xx_hal_uart_ex.o
                0x0000000008005c78                HAL_UARTEx_SetTxFifoThreshold
 .text.HAL_UARTEx_SetRxFifoThreshold
                0x0000000008005cf4       0x7c Drivers/STM32H7xx_HAL_Driver/stm32h7xx_hal_uart_ex.o
                0x0000000008005cf4                HAL_UARTEx_SetRxFifoThreshold
 .text.UARTEx_SetNbDataToProcess
                0x0000000008005d70       0x9c Drivers/STM32H7xx_HAL_Driver/stm32h7xx_hal_uart_ex.o
 .text.USB_CoreInit
                0x0000000008005e0c       0xdc Drivers/STM32H7xx_HAL_Driver/stm32h7xx_ll_usb.o
                0x0000000008005e0c                USB_CoreInit
 .text.USB_DisableGlobalInt
                0x0000000008005ee8       0x22 Drivers/STM32H7xx_HAL_Driver/stm32h7xx_ll_usb.o
                0x0000000008005ee8                USB_DisableGlobalInt
 .text.USB_SetCurrentMode
                0x0000000008005f0a       0x98 Drivers/STM32H7xx_HAL_Driver/stm32h7xx_ll_usb.o
                0x0000000008005f0a                USB_SetCurrentMode
 *fill*         0x0000000008005fa2        0x2 
 .text.USB_DevInit
                0x0000000008005fa4      0x2bc Drivers/STM32H7xx_HAL_Driver/stm32h7xx_ll_usb.o
                0x0000000008005fa4                USB_DevInit
 .text.USB_FlushTxFifo
                0x0000000008006260       0x64 Drivers/STM32H7xx_HAL_Driver/stm32h7xx_ll_usb.o
                0x0000000008006260                USB_FlushTxFifo
 .text.USB_FlushRxFifo
                0x00000000080062c4       0x5c Drivers/STM32H7xx_HAL_Driver/stm32h7xx_ll_usb.o
                0x00000000080062c4                USB_FlushRxFifo
 .text.USB_SetDevSpeed
                0x0000000008006320       0x32 Drivers/STM32H7xx_HAL_Driver/stm32h7xx_ll_usb.o
                0x0000000008006320                USB_SetDevSpeed
 .text.USB_DevDisconnect
                0x0000000008006352       0x42 Drivers/STM32H7xx_HAL_Driver/stm32h7xx_ll_usb.o
                0x0000000008006352                USB_DevDisconnect
 .text.USB_GetMode
                0x0000000008006394       0x1c Drivers/STM32H7xx_HAL_Driver/stm32h7xx_ll_usb.o
                0x0000000008006394                USB_GetMode
 .text.USB_CoreReset
                0x00000000080063b0       0x64 Drivers/STM32H7xx_HAL_Driver/stm32h7xx_ll_usb.o
 .text.__libc_init_array
                0x0000000008006414       0x48 c:/st/stm32cubeide_1.5.0/stm32cubeide/plugins/com.st.stm32cube.ide.mcu.externaltools.gnu-tools-for-stm32.9-2020-q2-update.win32_1.5.0.202011040924/tools/bin/../lib/gcc/arm-none-eabi/9.3.1/../../../../arm-none-eabi/lib/thumb/v7e-m+dp/hard\libc_nano.a(lib_a-init.o)
                0x0000000008006414                __libc_init_array
 .text.memset   0x000000000800645c       0x10 c:/st/stm32cubeide_1.5.0/stm32cubeide/plugins/com.st.stm32cube.ide.mcu.externaltools.gnu-tools-for-stm32.9-2020-q2-update.win32_1.5.0.202011040924/tools/bin/../lib/gcc/arm-none-eabi/9.3.1/../../../../arm-none-eabi/lib/thumb/v7e-m+dp/hard\libc_nano.a(lib_a-memset.o)
                0x000000000800645c                memset
 *(.glue_7)
 .glue_7        0x000000000800646c        0x0 linker stubs
 *(.glue_7t)
 .glue_7t       0x000000000800646c        0x0 linker stubs
 *(.eh_frame)
 .eh_frame      0x000000000800646c        0x0 c:/st/stm32cubeide_1.5.0/stm32cubeide/plugins/com.st.stm32cube.ide.mcu.externaltools.gnu-tools-for-stm32.9-2020-q2-update.win32_1.5.0.202011040924/tools/bin/../lib/gcc/arm-none-eabi/9.3.1/thumb/v7e-m+dp/hard/crtbegin.o
 *(.init)
 .init          0x000000000800646c        0x4 c:/st/stm32cubeide_1.5.0/stm32cubeide/plugins/com.st.stm32cube.ide.mcu.externaltools.gnu-tools-for-stm32.9-2020-q2-update.win32_1.5.0.202011040924/tools/bin/../lib/gcc/arm-none-eabi/9.3.1/thumb/v7e-m+dp/hard/crti.o
                0x000000000800646c                _init
 .init          0x0000000008006470        0x8 c:/st/stm32cubeide_1.5.0/stm32cubeide/plugins/com.st.stm32cube.ide.mcu.externaltools.gnu-tools-for-stm32.9-2020-q2-update.win32_1.5.0.202011040924/tools/bin/../lib/gcc/arm-none-eabi/9.3.1/thumb/v7e-m+dp/hard/crtn.o
 *(.fini)
 .fini          0x0000000008006478        0x4 c:/st/stm32cubeide_1.5.0/stm32cubeide/plugins/com.st.stm32cube.ide.mcu.externaltools.gnu-tools-for-stm32.9-2020-q2-update.win32_1.5.0.202011040924/tools/bin/../lib/gcc/arm-none-eabi/9.3.1/thumb/v7e-m+dp/hard/crti.o
                0x0000000008006478                _fini
 .fini          0x000000000800647c        0x8 c:/st/stm32cubeide_1.5.0/stm32cubeide/plugins/com.st.stm32cube.ide.mcu.externaltools.gnu-tools-for-stm32.9-2020-q2-update.win32_1.5.0.202011040924/tools/bin/../lib/gcc/arm-none-eabi/9.3.1/thumb/v7e-m+dp/hard/crtn.o
                0x0000000008006484                . = ALIGN (0x4)
                0x0000000008006484                _etext = .

.vfp11_veneer   0x0000000008006484        0x0
 .vfp11_veneer  0x0000000008006484        0x0 linker stubs

.v4_bx          0x0000000008006484        0x0
 .v4_bx         0x0000000008006484        0x0 linker stubs

.iplt           0x0000000008006484        0x0
 .iplt          0x0000000008006484        0x0 c:/st/stm32cubeide_1.5.0/stm32cubeide/plugins/com.st.stm32cube.ide.mcu.externaltools.gnu-tools-for-stm32.9-2020-q2-update.win32_1.5.0.202011040924/tools/bin/../lib/gcc/arm-none-eabi/9.3.1/thumb/v7e-m+dp/hard/crtbegin.o

.rodata         0x0000000008006484       0x38
                0x0000000008006484                . = ALIGN (0x4)
 *(.rodata)
 *(.rodata*)
 .rodata.D1CorePrescTable
                0x0000000008006484       0x10 Common/Src/system_stm32h7xx_dualcore_boot_cm4_cm7.o
                0x0000000008006484                D1CorePrescTable
 .rodata.UARTPrescTable
                0x0000000008006494       0x18 Drivers/STM32H7xx_HAL_Driver/stm32h7xx_hal_uart.o
                0x0000000008006494                UARTPrescTable
 .rodata.numerator.11258
                0x00000000080064ac        0x8 Drivers/STM32H7xx_HAL_Driver/stm32h7xx_hal_uart_ex.o
 .rodata.denominator.11259
                0x00000000080064b4        0x8 Drivers/STM32H7xx_HAL_Driver/stm32h7xx_hal_uart_ex.o
                0x00000000080064bc                . = ALIGN (0x4)

.ARM.extab      0x00000000080064bc        0x0
                0x00000000080064bc                . = ALIGN (0x4)
 *(.ARM.extab* .gnu.linkonce.armextab.*)
                0x00000000080064bc                . = ALIGN (0x4)

.ARM            0x00000000080064bc        0x8
                0x00000000080064bc                . = ALIGN (0x4)
                0x00000000080064bc                __exidx_start = .
 *(.ARM.exidx*)
 .ARM.exidx     0x00000000080064bc        0x8 c:/st/stm32cubeide_1.5.0/stm32cubeide/plugins/com.st.stm32cube.ide.mcu.externaltools.gnu-tools-for-stm32.9-2020-q2-update.win32_1.5.0.202011040924/tools/bin/../lib/gcc/arm-none-eabi/9.3.1/thumb/v7e-m+dp/hard\libgcc.a(_udivmoddi4.o)
                0x00000000080064c4                __exidx_end = .
                0x00000000080064c4                . = ALIGN (0x4)

.rel.dyn        0x00000000080064c4        0x0
 .rel.iplt      0x00000000080064c4        0x0 c:/st/stm32cubeide_1.5.0/stm32cubeide/plugins/com.st.stm32cube.ide.mcu.externaltools.gnu-tools-for-stm32.9-2020-q2-update.win32_1.5.0.202011040924/tools/bin/../lib/gcc/arm-none-eabi/9.3.1/thumb/v7e-m+dp/hard/crtbegin.o

.preinit_array  0x00000000080064c4        0x0
                0x00000000080064c4                . = ALIGN (0x4)
                0x00000000080064c4                PROVIDE (__preinit_array_start = .)
 *(.preinit_array*)
                0x00000000080064c4                PROVIDE (__preinit_array_end = .)
                0x00000000080064c4                . = ALIGN (0x4)

.init_array     0x00000000080064c4        0x4
                0x00000000080064c4                . = ALIGN (0x4)
                0x00000000080064c4                PROVIDE (__init_array_start = .)
 *(SORT_BY_NAME(.init_array.*))
 *(.init_array*)
 .init_array    0x00000000080064c4        0x4 c:/st/stm32cubeide_1.5.0/stm32cubeide/plugins/com.st.stm32cube.ide.mcu.externaltools.gnu-tools-for-stm32.9-2020-q2-update.win32_1.5.0.202011040924/tools/bin/../lib/gcc/arm-none-eabi/9.3.1/thumb/v7e-m+dp/hard/crtbegin.o
                0x00000000080064c8                PROVIDE (__init_array_end = .)
                0x00000000080064c8                . = ALIGN (0x4)

.fini_array     0x00000000080064c8        0x4
                0x00000000080064c8                . = ALIGN (0x4)
                [!provide]                        PROVIDE (__fini_array_start = .)
 *(SORT_BY_NAME(.fini_array.*))
 *(.fini_array*)
 .fini_array    0x00000000080064c8        0x4 c:/st/stm32cubeide_1.5.0/stm32cubeide/plugins/com.st.stm32cube.ide.mcu.externaltools.gnu-tools-for-stm32.9-2020-q2-update.win32_1.5.0.202011040924/tools/bin/../lib/gcc/arm-none-eabi/9.3.1/thumb/v7e-m+dp/hard/crtbegin.o
                [!provide]                        PROVIDE (__fini_array_end = .)
                0x00000000080064cc                . = ALIGN (0x4)
                0x00000000080064cc                _sidata = LOADADDR (.data)

.data           0x0000000024000000       0x24 load address 0x00000000080064cc
                0x0000000024000000                . = ALIGN (0x4)
                0x0000000024000000                _sdata = .
 *(.data)
 *(.data*)
 .data.SystemCoreClock
                0x0000000024000000        0x4 Common/Src/system_stm32h7xx_dualcore_boot_cm4_cm7.o
                0x0000000024000000                SystemCoreClock
 .data.SystemD2Clock
                0x0000000024000004        0x4 Common/Src/system_stm32h7xx_dualcore_boot_cm4_cm7.o
                0x0000000024000004                SystemD2Clock
 .data.score    0x0000000024000008        0x1 Core/Src/main.o
                0x0000000024000008                score
 *fill*         0x0000000024000009        0x3 
 .data.turnN    0x000000002400000c        0x4 Core/Src/main.o
                0x000000002400000c                turnN
 .data.player   0x0000000024000010        0x4 Core/Src/main.o
                0x0000000024000010                player
 .data.test_M7  0x0000000024000014        0x4 Core/Src/main.o
                0x0000000024000014                test_M7
 .data.sharedmemory
                0x0000000024000018        0x4 Core/Src/main.o
                0x0000000024000018                sharedmemory
 .data.uwTickPrio
                0x000000002400001c        0x4 Drivers/STM32H7xx_HAL_Driver/stm32h7xx_hal.o
                0x000000002400001c                uwTickPrio
 .data.uwTickFreq
                0x0000000024000020        0x1 Drivers/STM32H7xx_HAL_Driver/stm32h7xx_hal.o
                0x0000000024000020                uwTickFreq
 *(.RamFunc)
 *(.RamFunc*)
                0x0000000024000024                . = ALIGN (0x4)
 *fill*         0x0000000024000021        0x3 
                0x0000000024000024                _edata = .

.igot.plt       0x0000000024000024        0x0 load address 0x00000000080064f0
 .igot.plt      0x0000000024000024        0x0 c:/st/stm32cubeide_1.5.0/stm32cubeide/plugins/com.st.stm32cube.ide.mcu.externaltools.gnu-tools-for-stm32.9-2020-q2-update.win32_1.5.0.202011040924/tools/bin/../lib/gcc/arm-none-eabi/9.3.1/thumb/v7e-m+dp/hard/crtbegin.o

.RxDecripSection
                0x0000000024000024       0x60 load address 0x00000000080064f0
 .RxDecripSection
                0x0000000024000024       0x60 Core/Src/main.o
                0x0000000024000024                DMARxDscrTab

.TxDecripSection
                0x0000000024000084       0x60 load address 0x0000000008006550
 .TxDecripSection
                0x0000000024000084       0x60 Core/Src/main.o
                0x0000000024000084                DMATxDscrTab
                0x00000000240000e4                . = ALIGN (0x4)

.bss            0x00000000240000e4      0x584 load address 0x00000000080065b0
                0x00000000240000e4                _sbss = .
                0x00000000240000e4                __bss_start__ = _sbss
 *(.bss)
 .bss           0x00000000240000e4       0x1c c:/st/stm32cubeide_1.5.0/stm32cubeide/plugins/com.st.stm32cube.ide.mcu.externaltools.gnu-tools-for-stm32.9-2020-q2-update.win32_1.5.0.202011040924/tools/bin/../lib/gcc/arm-none-eabi/9.3.1/thumb/v7e-m+dp/hard/crtbegin.o
 *(.bss*)
 .bss.s1        0x0000000024000100        0x2 Core/Src/main.o
                0x0000000024000100                s1
 *fill*         0x0000000024000102        0x2 
 .bss.s2        0x0000000024000104        0x2 Core/Src/main.o
                0x0000000024000104                s2
 *fill*         0x0000000024000106        0x2 
 .bss.s3        0x0000000024000108        0x2 Core/Src/main.o
                0x0000000024000108                s3
 .bss.a_1       0x000000002400010a        0x1 Core/Src/main.o
                0x000000002400010a                a_1
 .bss.a_2       0x000000002400010b        0x1 Core/Src/main.o
                0x000000002400010b                a_2
 .bss.b_1       0x000000002400010c        0x1 Core/Src/main.o
                0x000000002400010c                b_1
 .bss.b_2       0x000000002400010d        0x1 Core/Src/main.o
                0x000000002400010d                b_2
 *(COMMON)
 *fill*         0x000000002400010e        0x2 
 COMMON         0x0000000024000110      0x554 Core/Src/main.o
                0x0000000024000110                huart3
                0x00000000240001a0                hpcd_USB_OTG_FS
                0x00000000240005a8                heth
                0x0000000024000630                TxConfig
 COMMON         0x0000000024000664        0x4 Drivers/STM32H7xx_HAL_Driver/stm32h7xx_hal.o
                0x0000000024000664                uwTick
                0x0000000024000668                . = ALIGN (0x4)
                0x0000000024000668                _ebss = .
                0x0000000024000668                __bss_end__ = _ebss

._user_heap_stack
                0x0000000024000668      0x600 load address 0x00000000080065b0
                0x0000000024000668                . = ALIGN (0x8)
                [!provide]                        PROVIDE (end = .)
                0x0000000024000668                PROVIDE (_end = .)
                0x0000000024000868                . = (. + _Min_Heap_Size)
 *fill*         0x0000000024000668      0x200 
                0x0000000024000c68                . = (. + _Min_Stack_Size)
 *fill*         0x0000000024000868      0x400 
                0x0000000024000c68                . = ALIGN (0x8)

/DISCARD/
 libc.a(*)
 libm.a(*)
 libgcc.a(*)

.ARM.attributes
                0x0000000000000000       0x2e
 *(.ARM.attributes)
 .ARM.attributes
                0x0000000000000000       0x1e c:/st/stm32cubeide_1.5.0/stm32cubeide/plugins/com.st.stm32cube.ide.mcu.externaltools.gnu-tools-for-stm32.9-2020-q2-update.win32_1.5.0.202011040924/tools/bin/../lib/gcc/arm-none-eabi/9.3.1/thumb/v7e-m+dp/hard/crti.o
 .ARM.attributes
                0x000000000000001e       0x32 c:/st/stm32cubeide_1.5.0/stm32cubeide/plugins/com.st.stm32cube.ide.mcu.externaltools.gnu-tools-for-stm32.9-2020-q2-update.win32_1.5.0.202011040924/tools/bin/../lib/gcc/arm-none-eabi/9.3.1/thumb/v7e-m+dp/hard/crtbegin.o
 .ARM.attributes
                0x0000000000000050       0x32 Common/Src/system_stm32h7xx_dualcore_boot_cm4_cm7.o
 .ARM.attributes
                0x0000000000000082       0x32 Core/Src/main.o
 .ARM.attributes
                0x00000000000000b4       0x32 Core/Src/stm32h7xx_hal_msp.o
 .ARM.attributes
                0x00000000000000e6       0x32 Core/Src/stm32h7xx_it.o
 .ARM.attributes
                0x0000000000000118       0x21 Core/Startup/startup_stm32h745zitx.o
 .ARM.attributes
                0x0000000000000139       0x32 Drivers/STM32H7xx_HAL_Driver/stm32h7xx_hal.o
 .ARM.attributes
                0x000000000000016b       0x32 Drivers/STM32H7xx_HAL_Driver/stm32h7xx_hal_cortex.o
 .ARM.attributes
                0x000000000000019d       0x32 Drivers/STM32H7xx_HAL_Driver/stm32h7xx_hal_eth.o
 .ARM.attributes
                0x00000000000001cf       0x32 Drivers/STM32H7xx_HAL_Driver/stm32h7xx_hal_gpio.o
 .ARM.attributes
                0x0000000000000201       0x32 Drivers/STM32H7xx_HAL_Driver/stm32h7xx_hal_hsem.o
 .ARM.attributes
                0x0000000000000233       0x32 Drivers/STM32H7xx_HAL_Driver/stm32h7xx_hal_pcd.o
 .ARM.attributes
                0x0000000000000265       0x32 Drivers/STM32H7xx_HAL_Driver/stm32h7xx_hal_pcd_ex.o
 .ARM.attributes
                0x0000000000000297       0x32 Drivers/STM32H7xx_HAL_Driver/stm32h7xx_hal_pwr_ex.o
 .ARM.attributes
                0x00000000000002c9       0x32 Drivers/STM32H7xx_HAL_Driver/stm32h7xx_hal_rcc.o
 .ARM.attributes
                0x00000000000002fb       0x32 Drivers/STM32H7xx_HAL_Driver/stm32h7xx_hal_rcc_ex.o
 .ARM.attributes
                0x000000000000032d       0x32 Drivers/STM32H7xx_HAL_Driver/stm32h7xx_hal_uart.o
 .ARM.attributes
                0x000000000000035f       0x32 Drivers/STM32H7xx_HAL_Driver/stm32h7xx_hal_uart_ex.o
 .ARM.attributes
                0x0000000000000391       0x32 Drivers/STM32H7xx_HAL_Driver/stm32h7xx_ll_usb.o
 .ARM.attributes
                0x00000000000003c3       0x32 c:/st/stm32cubeide_1.5.0/stm32cubeide/plugins/com.st.stm32cube.ide.mcu.externaltools.gnu-tools-for-stm32.9-2020-q2-update.win32_1.5.0.202011040924/tools/bin/../lib/gcc/arm-none-eabi/9.3.1/../../../../arm-none-eabi/lib/thumb/v7e-m+dp/hard\libc_nano.a(lib_a-init.o)
 .ARM.attributes
                0x00000000000003f5       0x32 c:/st/stm32cubeide_1.5.0/stm32cubeide/plugins/com.st.stm32cube.ide.mcu.externaltools.gnu-tools-for-stm32.9-2020-q2-update.win32_1.5.0.202011040924/tools/bin/../lib/gcc/arm-none-eabi/9.3.1/../../../../arm-none-eabi/lib/thumb/v7e-m+dp/hard\libc_nano.a(lib_a-memset.o)
 .ARM.attributes
                0x0000000000000427       0x1e c:/st/stm32cubeide_1.5.0/stm32cubeide/plugins/com.st.stm32cube.ide.mcu.externaltools.gnu-tools-for-stm32.9-2020-q2-update.win32_1.5.0.202011040924/tools/bin/../lib/gcc/arm-none-eabi/9.3.1/thumb/v7e-m+dp/hard\libgcc.a(_aeabi_uldivmod.o)
 .ARM.attributes
                0x0000000000000445       0x32 c:/st/stm32cubeide_1.5.0/stm32cubeide/plugins/com.st.stm32cube.ide.mcu.externaltools.gnu-tools-for-stm32.9-2020-q2-update.win32_1.5.0.202011040924/tools/bin/../lib/gcc/arm-none-eabi/9.3.1/thumb/v7e-m+dp/hard\libgcc.a(_udivmoddi4.o)
 .ARM.attributes
                0x0000000000000477       0x1e c:/st/stm32cubeide_1.5.0/stm32cubeide/plugins/com.st.stm32cube.ide.mcu.externaltools.gnu-tools-for-stm32.9-2020-q2-update.win32_1.5.0.202011040924/tools/bin/../lib/gcc/arm-none-eabi/9.3.1/thumb/v7e-m+dp/hard\libgcc.a(_dvmd_tls.o)
 .ARM.attributes
                0x0000000000000495       0x1e c:/st/stm32cubeide_1.5.0/stm32cubeide/plugins/com.st.stm32cube.ide.mcu.externaltools.gnu-tools-for-stm32.9-2020-q2-update.win32_1.5.0.202011040924/tools/bin/../lib/gcc/arm-none-eabi/9.3.1/thumb/v7e-m+dp/hard/crtn.o
OUTPUT(6228_exam_CM7.elf elf32-littlearm)
LOAD linker stubs
LOAD c:/st/stm32cubeide_1.5.0/stm32cubeide/plugins/com.st.stm32cube.ide.mcu.externaltools.gnu-tools-for-stm32.9-2020-q2-update.win32_1.5.0.202011040924/tools/bin/../lib/gcc/arm-none-eabi/9.3.1/../../../../arm-none-eabi/lib/thumb/v7e-m+dp/hard\libc.a
LOAD c:/st/stm32cubeide_1.5.0/stm32cubeide/plugins/com.st.stm32cube.ide.mcu.externaltools.gnu-tools-for-stm32.9-2020-q2-update.win32_1.5.0.202011040924/tools/bin/../lib/gcc/arm-none-eabi/9.3.1/../../../../arm-none-eabi/lib/thumb/v7e-m+dp/hard\libm.a
LOAD c:/st/stm32cubeide_1.5.0/stm32cubeide/plugins/com.st.stm32cube.ide.mcu.externaltools.gnu-tools-for-stm32.9-2020-q2-update.win32_1.5.0.202011040924/tools/bin/../lib/gcc/arm-none-eabi/9.3.1/thumb/v7e-m+dp/hard\libgcc.a

.debug_info     0x0000000000000000    0x2389f
 .debug_info    0x0000000000000000     0x184a Common/Src/system_stm32h7xx_dualcore_boot_cm4_cm7.o
 .debug_info    0x000000000000184a     0x33bf Core/Src/main.o
 .debug_info    0x0000000000004c09     0x2e73 Core/Src/stm32h7xx_hal_msp.o
 .debug_info    0x0000000000007a7c      0xc21 Core/Src/stm32h7xx_it.o
 .debug_info    0x000000000000869d       0x22 Core/Startup/startup_stm32h745zitx.o
 .debug_info    0x00000000000086bf     0x21ec Drivers/STM32H7xx_HAL_Driver/stm32h7xx_hal.o
 .debug_info    0x000000000000a8ab     0x1c31 Drivers/STM32H7xx_HAL_Driver/stm32h7xx_hal_cortex.o
 .debug_info    0x000000000000c4dc     0x3293 Drivers/STM32H7xx_HAL_Driver/stm32h7xx_hal_eth.o
 .debug_info    0x000000000000f76f     0x189e Drivers/STM32H7xx_HAL_Driver/stm32h7xx_hal_gpio.o
 .debug_info    0x000000000001100d      0xed3 Drivers/STM32H7xx_HAL_Driver/stm32h7xx_hal_hsem.o
 .debug_info    0x0000000000011ee0     0x1d2d Drivers/STM32H7xx_HAL_Driver/stm32h7xx_hal_pcd.o
 .debug_info    0x0000000000013c0d     0x1331 Drivers/STM32H7xx_HAL_Driver/stm32h7xx_hal_pcd_ex.o
 .debug_info    0x0000000000014f3e     0x1d5d Drivers/STM32H7xx_HAL_Driver/stm32h7xx_hal_pwr_ex.o
 .debug_info    0x0000000000016c9b     0x194f Drivers/STM32H7xx_HAL_Driver/stm32h7xx_hal_rcc.o
 .debug_info    0x00000000000185ea     0x1de0 Drivers/STM32H7xx_HAL_Driver/stm32h7xx_hal_rcc_ex.o
 .debug_info    0x000000000001a3ca     0x558a Drivers/STM32H7xx_HAL_Driver/stm32h7xx_hal_uart.o
 .debug_info    0x000000000001f954     0x19a9 Drivers/STM32H7xx_HAL_Driver/stm32h7xx_hal_uart_ex.o
 .debug_info    0x00000000000212fd     0x25a2 Drivers/STM32H7xx_HAL_Driver/stm32h7xx_ll_usb.o

.debug_abbrev   0x0000000000000000     0x34a0
 .debug_abbrev  0x0000000000000000      0x262 Common/Src/system_stm32h7xx_dualcore_boot_cm4_cm7.o
 .debug_abbrev  0x0000000000000262      0x3a5 Core/Src/main.o
 .debug_abbrev  0x0000000000000607      0x2b6 Core/Src/stm32h7xx_hal_msp.o
 .debug_abbrev  0x00000000000008bd      0x1ef Core/Src/stm32h7xx_it.o
 .debug_abbrev  0x0000000000000aac       0x12 Core/Startup/startup_stm32h745zitx.o
 .debug_abbrev  0x0000000000000abe      0x31b Drivers/STM32H7xx_HAL_Driver/stm32h7xx_hal.o
 .debug_abbrev  0x0000000000000dd9      0x409 Drivers/STM32H7xx_HAL_Driver/stm32h7xx_hal_cortex.o
 .debug_abbrev  0x00000000000011e2      0x328 Drivers/STM32H7xx_HAL_Driver/stm32h7xx_hal_eth.o
 .debug_abbrev  0x000000000000150a      0x2cb Drivers/STM32H7xx_HAL_Driver/stm32h7xx_hal_gpio.o
 .debug_abbrev  0x00000000000017d5      0x2e9 Drivers/STM32H7xx_HAL_Driver/stm32h7xx_hal_hsem.o
 .debug_abbrev  0x0000000000001abe      0x33a Drivers/STM32H7xx_HAL_Driver/stm32h7xx_hal_pcd.o
 .debug_abbrev  0x0000000000001df8      0x2e0 Drivers/STM32H7xx_HAL_Driver/stm32h7xx_hal_pcd_ex.o
 .debug_abbrev  0x00000000000020d8      0x37d Drivers/STM32H7xx_HAL_Driver/stm32h7xx_hal_pwr_ex.o
 .debug_abbrev  0x0000000000002455      0x322 Drivers/STM32H7xx_HAL_Driver/stm32h7xx_hal_rcc.o
 .debug_abbrev  0x0000000000002777      0x31d Drivers/STM32H7xx_HAL_Driver/stm32h7xx_hal_rcc_ex.o
 .debug_abbrev  0x0000000000002a94      0x37d Drivers/STM32H7xx_HAL_Driver/stm32h7xx_hal_uart.o
 .debug_abbrev  0x0000000000002e11      0x33d Drivers/STM32H7xx_HAL_Driver/stm32h7xx_hal_uart_ex.o
 .debug_abbrev  0x000000000000314e      0x352 Drivers/STM32H7xx_HAL_Driver/stm32h7xx_ll_usb.o

.debug_aranges  0x0000000000000000     0x1030
 .debug_aranges
                0x0000000000000000       0x28 Common/Src/system_stm32h7xx_dualcore_boot_cm4_cm7.o
 .debug_aranges
                0x0000000000000028       0x78 Core/Src/main.o
 .debug_aranges
                0x00000000000000a0       0x50 Core/Src/stm32h7xx_hal_msp.o
 .debug_aranges
                0x00000000000000f0       0x60 Core/Src/stm32h7xx_it.o
 .debug_aranges
                0x0000000000000150       0x28 Core/Startup/startup_stm32h745zitx.o
 .debug_aranges
                0x0000000000000178      0x200 Drivers/STM32H7xx_HAL_Driver/stm32h7xx_hal.o
 .debug_aranges
                0x0000000000000378      0x120 Drivers/STM32H7xx_HAL_Driver/stm32h7xx_hal_cortex.o
 .debug_aranges
                0x0000000000000498      0x1b0 Drivers/STM32H7xx_HAL_Driver/stm32h7xx_hal_eth.o
 .debug_aranges
                0x0000000000000648       0x58 Drivers/STM32H7xx_HAL_Driver/stm32h7xx_hal_gpio.o
 .debug_aranges
                0x00000000000006a0       0x70 Drivers/STM32H7xx_HAL_Driver/stm32h7xx_hal_hsem.o
 .debug_aranges
                0x0000000000000710      0x140 Drivers/STM32H7xx_HAL_Driver/stm32h7xx_hal_pcd.o
 .debug_aranges
                0x0000000000000850       0x60 Drivers/STM32H7xx_HAL_Driver/stm32h7xx_hal_pcd_ex.o
 .debug_aranges
                0x00000000000008b0      0x170 Drivers/STM32H7xx_HAL_Driver/stm32h7xx_hal_pwr_ex.o
 .debug_aranges
                0x0000000000000a20       0x88 Drivers/STM32H7xx_HAL_Driver/stm32h7xx_hal_rcc.o
 .debug_aranges
                0x0000000000000aa8      0x100 Drivers/STM32H7xx_HAL_Driver/stm32h7xx_hal_rcc_ex.o
 .debug_aranges
                0x0000000000000ba8      0x248 Drivers/STM32H7xx_HAL_Driver/stm32h7xx_hal_uart.o
 .debug_aranges
                0x0000000000000df0       0xa0 Drivers/STM32H7xx_HAL_Driver/stm32h7xx_hal_uart_ex.o
 .debug_aranges
                0x0000000000000e90      0x1a0 Drivers/STM32H7xx_HAL_Driver/stm32h7xx_ll_usb.o

.debug_ranges   0x0000000000000000      0xf48
 .debug_ranges  0x0000000000000000       0x18 Common/Src/system_stm32h7xx_dualcore_boot_cm4_cm7.o
 .debug_ranges  0x0000000000000018       0x68 Core/Src/main.o
 .debug_ranges  0x0000000000000080       0x40 Core/Src/stm32h7xx_hal_msp.o
 .debug_ranges  0x00000000000000c0       0x50 Core/Src/stm32h7xx_it.o
 .debug_ranges  0x0000000000000110       0x20 Core/Startup/startup_stm32h745zitx.o
 .debug_ranges  0x0000000000000130      0x1f0 Drivers/STM32H7xx_HAL_Driver/stm32h7xx_hal.o
 .debug_ranges  0x0000000000000320      0x110 Drivers/STM32H7xx_HAL_Driver/stm32h7xx_hal_cortex.o
 .debug_ranges  0x0000000000000430      0x1a0 Drivers/STM32H7xx_HAL_Driver/stm32h7xx_hal_eth.o
 .debug_ranges  0x00000000000005d0       0x48 Drivers/STM32H7xx_HAL_Driver/stm32h7xx_hal_gpio.o
 .debug_ranges  0x0000000000000618       0x60 Drivers/STM32H7xx_HAL_Driver/stm32h7xx_hal_hsem.o
 .debug_ranges  0x0000000000000678      0x130 Drivers/STM32H7xx_HAL_Driver/stm32h7xx_hal_pcd.o
 .debug_ranges  0x00000000000007a8       0x50 Drivers/STM32H7xx_HAL_Driver/stm32h7xx_hal_pcd_ex.o
 .debug_ranges  0x00000000000007f8      0x160 Drivers/STM32H7xx_HAL_Driver/stm32h7xx_hal_pwr_ex.o
 .debug_ranges  0x0000000000000958       0x78 Drivers/STM32H7xx_HAL_Driver/stm32h7xx_hal_rcc.o
 .debug_ranges  0x00000000000009d0       0xf0 Drivers/STM32H7xx_HAL_Driver/stm32h7xx_hal_rcc_ex.o
 .debug_ranges  0x0000000000000ac0      0x268 Drivers/STM32H7xx_HAL_Driver/stm32h7xx_hal_uart.o
 .debug_ranges  0x0000000000000d28       0x90 Drivers/STM32H7xx_HAL_Driver/stm32h7xx_hal_uart_ex.o
 .debug_ranges  0x0000000000000db8      0x190 Drivers/STM32H7xx_HAL_Driver/stm32h7xx_ll_usb.o

.debug_macro    0x0000000000000000    0x3a2c0
 .debug_macro   0x0000000000000000      0x2d2 Common/Src/system_stm32h7xx_dualcore_boot_cm4_cm7.o
 .debug_macro   0x00000000000002d2      0xac6 Common/Src/system_stm32h7xx_dualcore_boot_cm4_cm7.o
 .debug_macro   0x0000000000000d98       0x2e Common/Src/system_stm32h7xx_dualcore_boot_cm4_cm7.o
 .debug_macro   0x0000000000000dc6       0x49 Common/Src/system_stm32h7xx_dualcore_boot_cm4_cm7.o
 .debug_macro   0x0000000000000e0f       0x22 Common/Src/system_stm32h7xx_dualcore_boot_cm4_cm7.o
 .debug_macro   0x0000000000000e31       0x8e Common/Src/system_stm32h7xx_dualcore_boot_cm4_cm7.o
 .debug_macro   0x0000000000000ebf       0x51 Common/Src/system_stm32h7xx_dualcore_boot_cm4_cm7.o
 .debug_macro   0x0000000000000f10      0x103 Common/Src/system_stm32h7xx_dualcore_boot_cm4_cm7.o
 .debug_macro   0x0000000000001013       0x6a Common/Src/system_stm32h7xx_dualcore_boot_cm4_cm7.o
 .debug_macro   0x000000000000107d      0x1df Common/Src/system_stm32h7xx_dualcore_boot_cm4_cm7.o
 .debug_macro   0x000000000000125c       0x1c Common/Src/system_stm32h7xx_dualcore_boot_cm4_cm7.o
 .debug_macro   0x0000000000001278       0x22 Common/Src/system_stm32h7xx_dualcore_boot_cm4_cm7.o
 .debug_macro   0x000000000000129a      0x101 Common/Src/system_stm32h7xx_dualcore_boot_cm4_cm7.o
 .debug_macro   0x000000000000139b     0x1305 Common/Src/system_stm32h7xx_dualcore_boot_cm4_cm7.o
 .debug_macro   0x00000000000026a0      0x11f Common/Src/system_stm32h7xx_dualcore_boot_cm4_cm7.o
 .debug_macro   0x00000000000027bf       0x27 Common/Src/system_stm32h7xx_dualcore_boot_cm4_cm7.o
 .debug_macro   0x00000000000027e6    0x26d2a Common/Src/system_stm32h7xx_dualcore_boot_cm4_cm7.o
 .debug_macro   0x0000000000029510       0x6d Common/Src/system_stm32h7xx_dualcore_boot_cm4_cm7.o
 .debug_macro   0x000000000002957d      0x23e Common/Src/system_stm32h7xx_dualcore_boot_cm4_cm7.o
 .debug_macro   0x00000000000297bb     0x3d1e Common/Src/system_stm32h7xx_dualcore_boot_cm4_cm7.o
 .debug_macro   0x000000000002d4d9      0x174 Common/Src/system_stm32h7xx_dualcore_boot_cm4_cm7.o
 .debug_macro   0x000000000002d64d       0x52 Common/Src/system_stm32h7xx_dualcore_boot_cm4_cm7.o
 .debug_macro   0x000000000002d69f       0x17 Common/Src/system_stm32h7xx_dualcore_boot_cm4_cm7.o
 .debug_macro   0x000000000002d6b6       0x3c Common/Src/system_stm32h7xx_dualcore_boot_cm4_cm7.o
 .debug_macro   0x000000000002d6f2       0x34 Common/Src/system_stm32h7xx_dualcore_boot_cm4_cm7.o
 .debug_macro   0x000000000002d726       0x16 Common/Src/system_stm32h7xx_dualcore_boot_cm4_cm7.o
 .debug_macro   0x000000000002d73c       0x43 Common/Src/system_stm32h7xx_dualcore_boot_cm4_cm7.o
 .debug_macro   0x000000000002d77f       0x34 Common/Src/system_stm32h7xx_dualcore_boot_cm4_cm7.o
 .debug_macro   0x000000000002d7b3       0x10 Common/Src/system_stm32h7xx_dualcore_boot_cm4_cm7.o
 .debug_macro   0x000000000002d7c3       0x58 Common/Src/system_stm32h7xx_dualcore_boot_cm4_cm7.o
 .debug_macro   0x000000000002d81b       0x71 Common/Src/system_stm32h7xx_dualcore_boot_cm4_cm7.o
 .debug_macro   0x000000000002d88c       0x1c Common/Src/system_stm32h7xx_dualcore_boot_cm4_cm7.o
 .debug_macro   0x000000000002d8a8      0x12a Common/Src/system_stm32h7xx_dualcore_boot_cm4_cm7.o
 .debug_macro   0x000000000002d9d2      0x333 Common/Src/system_stm32h7xx_dualcore_boot_cm4_cm7.o
 .debug_macro   0x000000000002dd05      0x1a9 Common/Src/system_stm32h7xx_dualcore_boot_cm4_cm7.o
 .debug_macro   0x000000000002deae       0x5d Common/Src/system_stm32h7xx_dualcore_boot_cm4_cm7.o
 .debug_macro   0x000000000002df0b     0x3a9d Common/Src/system_stm32h7xx_dualcore_boot_cm4_cm7.o
 .debug_macro   0x00000000000319a8     0x1048 Common/Src/system_stm32h7xx_dualcore_boot_cm4_cm7.o
 .debug_macro   0x00000000000329f0      0x14d Common/Src/system_stm32h7xx_dualcore_boot_cm4_cm7.o
 .debug_macro   0x0000000000032b3d      0x130 Common/Src/system_stm32h7xx_dualcore_boot_cm4_cm7.o
 .debug_macro   0x0000000000032c6d      0x3be Common/Src/system_stm32h7xx_dualcore_boot_cm4_cm7.o
 .debug_macro   0x000000000003302b       0xac Common/Src/system_stm32h7xx_dualcore_boot_cm4_cm7.o
 .debug_macro   0x00000000000330d7      0x72d Common/Src/system_stm32h7xx_dualcore_boot_cm4_cm7.o
 .debug_macro   0x0000000000033804      0x228 Common/Src/system_stm32h7xx_dualcore_boot_cm4_cm7.o
 .debug_macro   0x0000000000033a2c       0x66 Common/Src/system_stm32h7xx_dualcore_boot_cm4_cm7.o
 .debug_macro   0x0000000000033a92      0x3bb Common/Src/system_stm32h7xx_dualcore_boot_cm4_cm7.o
 .debug_macro   0x0000000000033e4d      0xa6e Common/Src/system_stm32h7xx_dualcore_boot_cm4_cm7.o
 .debug_macro   0x00000000000348bb      0x129 Common/Src/system_stm32h7xx_dualcore_boot_cm4_cm7.o
 .debug_macro   0x00000000000349e4      0x407 Common/Src/system_stm32h7xx_dualcore_boot_cm4_cm7.o
 .debug_macro   0x0000000000034deb      0x27c Common/Src/system_stm32h7xx_dualcore_boot_cm4_cm7.o
 .debug_macro   0x0000000000035067      0x3ca Common/Src/system_stm32h7xx_dualcore_boot_cm4_cm7.o
 .debug_macro   0x0000000000035431      0x4a2 Common/Src/system_stm32h7xx_dualcore_boot_cm4_cm7.o
 .debug_macro   0x00000000000358d3       0x51 Common/Src/system_stm32h7xx_dualcore_boot_cm4_cm7.o
 .debug_macro   0x0000000000035924       0x4a Common/Src/system_stm32h7xx_dualcore_boot_cm4_cm7.o
 .debug_macro   0x000000000003596e      0x22c Common/Src/system_stm32h7xx_dualcore_boot_cm4_cm7.o
 .debug_macro   0x0000000000035b9a       0x67 Common/Src/system_stm32h7xx_dualcore_boot_cm4_cm7.o
 .debug_macro   0x0000000000035c01       0xa5 Common/Src/system_stm32h7xx_dualcore_boot_cm4_cm7.o
 .debug_macro   0x0000000000035ca6      0x218 Common/Src/system_stm32h7xx_dualcore_boot_cm4_cm7.o
 .debug_macro   0x0000000000035ebe      0x2ea Common/Src/system_stm32h7xx_dualcore_boot_cm4_cm7.o
 .debug_macro   0x00000000000361a8       0x35 Common/Src/system_stm32h7xx_dualcore_boot_cm4_cm7.o
 .debug_macro   0x00000000000361dd      0x67e Common/Src/system_stm32h7xx_dualcore_boot_cm4_cm7.o
 .debug_macro   0x000000000003685b       0xa6 Common/Src/system_stm32h7xx_dualcore_boot_cm4_cm7.o
 .debug_macro   0x0000000000036901      0x248 Common/Src/system_stm32h7xx_dualcore_boot_cm4_cm7.o
 .debug_macro   0x0000000000036b49       0x90 Common/Src/system_stm32h7xx_dualcore_boot_cm4_cm7.o
 .debug_macro   0x0000000000036bd9      0x798 Common/Src/system_stm32h7xx_dualcore_boot_cm4_cm7.o
 .debug_macro   0x0000000000037371      0x311 Core/Src/main.o
 .debug_macro   0x0000000000037682       0x1c Core/Src/main.o
 .debug_macro   0x000000000003769e       0x16 Core/Src/main.o
 .debug_macro   0x00000000000376b4       0x35 Core/Src/main.o
 .debug_macro   0x00000000000376e9       0x20 Core/Src/main.o
 .debug_macro   0x0000000000037709      0x2db Core/Src/stm32h7xx_hal_msp.o
 .debug_macro   0x00000000000379e4      0x2e5 Core/Src/stm32h7xx_it.o
 .debug_macro   0x0000000000037cc9      0x2f6 Drivers/STM32H7xx_HAL_Driver/stm32h7xx_hal.o
 .debug_macro   0x0000000000037fbf      0x2cc Drivers/STM32H7xx_HAL_Driver/stm32h7xx_hal_cortex.o
 .debug_macro   0x000000000003828b      0x359 Drivers/STM32H7xx_HAL_Driver/stm32h7xx_hal_eth.o
 .debug_macro   0x00000000000385e4      0x2e0 Drivers/STM32H7xx_HAL_Driver/stm32h7xx_hal_gpio.o
 .debug_macro   0x00000000000388c4      0x2de Drivers/STM32H7xx_HAL_Driver/stm32h7xx_hal_hsem.o
 .debug_macro   0x0000000000038ba2      0x2d8 Drivers/STM32H7xx_HAL_Driver/stm32h7xx_hal_pcd.o
 .debug_macro   0x0000000000038e7a      0x2cc Drivers/STM32H7xx_HAL_Driver/stm32h7xx_hal_pcd_ex.o
 .debug_macro   0x0000000000039146      0x305 Drivers/STM32H7xx_HAL_Driver/stm32h7xx_hal_pwr_ex.o
 .debug_macro   0x000000000003944b      0x2f0 Drivers/STM32H7xx_HAL_Driver/stm32h7xx_hal_rcc.o
 .debug_macro   0x000000000003973b      0x2ea Drivers/STM32H7xx_HAL_Driver/stm32h7xx_hal_rcc_ex.o
 .debug_macro   0x0000000000039a25      0x2f7 Drivers/STM32H7xx_HAL_Driver/stm32h7xx_hal_uart.o
 .debug_macro   0x0000000000039d1c      0x2d8 Drivers/STM32H7xx_HAL_Driver/stm32h7xx_hal_uart_ex.o
 .debug_macro   0x0000000000039ff4      0x2cc Drivers/STM32H7xx_HAL_Driver/stm32h7xx_ll_usb.o

.debug_line     0x0000000000000000    0x14a58
 .debug_line    0x0000000000000000      0xaab Common/Src/system_stm32h7xx_dualcore_boot_cm4_cm7.o
 .debug_line    0x0000000000000aab      0xded Core/Src/main.o
 .debug_line    0x0000000000001898      0xa0f Core/Src/stm32h7xx_hal_msp.o
 .debug_line    0x00000000000022a7      0x96f Core/Src/stm32h7xx_it.o
 .debug_line    0x0000000000002c16       0x88 Core/Startup/startup_stm32h745zitx.o
 .debug_line    0x0000000000002c9e      0xfe5 Drivers/STM32H7xx_HAL_Driver/stm32h7xx_hal.o
 .debug_line    0x0000000000003c83      0xe98 Drivers/STM32H7xx_HAL_Driver/stm32h7xx_hal_cortex.o
 .debug_line    0x0000000000004b1b     0x1caa Drivers/STM32H7xx_HAL_Driver/stm32h7xx_hal_eth.o
 .debug_line    0x00000000000067c5      0xd49 Drivers/STM32H7xx_HAL_Driver/stm32h7xx_hal_gpio.o
 .debug_line    0x000000000000750e      0xa48 Drivers/STM32H7xx_HAL_Driver/stm32h7xx_hal_hsem.o
 .debug_line    0x0000000000007f56     0x1564 Drivers/STM32H7xx_HAL_Driver/stm32h7xx_hal_pcd.o
 .debug_line    0x00000000000094ba      0xab4 Drivers/STM32H7xx_HAL_Driver/stm32h7xx_hal_pcd_ex.o
 .debug_line    0x0000000000009f6e     0x10b3 Drivers/STM32H7xx_HAL_Driver/stm32h7xx_hal_pwr_ex.o
 .debug_line    0x000000000000b021     0x13f1 Drivers/STM32H7xx_HAL_Driver/stm32h7xx_hal_rcc.o
 .debug_line    0x000000000000c412     0x1bb7 Drivers/STM32H7xx_HAL_Driver/stm32h7xx_hal_rcc_ex.o
 .debug_line    0x000000000000dfc9     0x3edf Drivers/STM32H7xx_HAL_Driver/stm32h7xx_hal_uart.o
 .debug_line    0x0000000000011ea8      0xf64 Drivers/STM32H7xx_HAL_Driver/stm32h7xx_hal_uart_ex.o
 .debug_line    0x0000000000012e0c     0x1c4c Drivers/STM32H7xx_HAL_Driver/stm32h7xx_ll_usb.o

.debug_str      0x0000000000000000   0x180300
 .debug_str     0x0000000000000000   0x1794fe Common/Src/system_stm32h7xx_dualcore_boot_cm4_cm7.o
                                     0x179a52 (size before relaxing)
 .debug_str     0x00000000001794fe     0x154e Core/Src/main.o
                                     0x17acb1 (size before relaxing)
 .debug_str     0x000000000017aa4c      0x39a Core/Src/stm32h7xx_hal_msp.o
                                     0x17ab6b (size before relaxing)
 .debug_str     0x000000000017ade6       0xbd Core/Src/stm32h7xx_it.o
                                     0x17955c (size before relaxing)
 .debug_str     0x000000000017aea3       0x36 Core/Startup/startup_stm32h745zitx.o
                                         0x6f (size before relaxing)
 .debug_str     0x000000000017aed9     0x10f1 Drivers/STM32H7xx_HAL_Driver/stm32h7xx_hal.o
                                     0x17a9f1 (size before relaxing)
 .debug_str     0x000000000017bfca      0x3cb Drivers/STM32H7xx_HAL_Driver/stm32h7xx_hal_cortex.o
                                     0x17a325 (size before relaxing)
 .debug_str     0x000000000017c395     0x105f Drivers/STM32H7xx_HAL_Driver/stm32h7xx_hal_eth.o
                                     0x17b09c (size before relaxing)
 .debug_str     0x000000000017d3f4      0x178 Drivers/STM32H7xx_HAL_Driver/stm32h7xx_hal_gpio.o
                                     0x179a07 (size before relaxing)
 .debug_str     0x000000000017d56c      0x235 Drivers/STM32H7xx_HAL_Driver/stm32h7xx_hal_hsem.o
                                     0x1796a6 (size before relaxing)
 .debug_str     0x000000000017d7a1      0x58a Drivers/STM32H7xx_HAL_Driver/stm32h7xx_hal_pcd.o
                                     0x179df4 (size before relaxing)
 .debug_str     0x000000000017dd2b      0x1e0 Drivers/STM32H7xx_HAL_Driver/stm32h7xx_hal_pcd_ex.o
                                     0x179a3f (size before relaxing)
 .debug_str     0x000000000017df0b      0x6ae Drivers/STM32H7xx_HAL_Driver/stm32h7xx_hal_pwr_ex.o
                                     0x179ee0 (size before relaxing)
 .debug_str     0x000000000017e5b9      0x298 Drivers/STM32H7xx_HAL_Driver/stm32h7xx_hal_rcc.o
                                     0x179d08 (size before relaxing)
 .debug_str     0x000000000017e851      0x6b5 Drivers/STM32H7xx_HAL_Driver/stm32h7xx_hal_rcc_ex.o
                                     0x17a222 (size before relaxing)
 .debug_str     0x000000000017ef06      0xa23 Drivers/STM32H7xx_HAL_Driver/stm32h7xx_hal_uart.o
                                     0x17a711 (size before relaxing)
 .debug_str     0x000000000017f929      0x307 Drivers/STM32H7xx_HAL_Driver/stm32h7xx_hal_uart_ex.o
                                     0x179d39 (size before relaxing)
 .debug_str     0x000000000017fc30      0x6d0 Drivers/STM32H7xx_HAL_Driver/stm32h7xx_ll_usb.o
                                     0x179f78 (size before relaxing)

.comment        0x0000000000000000       0x53
 .comment       0x0000000000000000       0x53 Common/Src/system_stm32h7xx_dualcore_boot_cm4_cm7.o
                                         0x54 (size before relaxing)
 .comment       0x0000000000000053       0x54 Core/Src/main.o
 .comment       0x0000000000000053       0x54 Core/Src/stm32h7xx_hal_msp.o
 .comment       0x0000000000000053       0x54 Core/Src/stm32h7xx_it.o
 .comment       0x0000000000000053       0x54 Drivers/STM32H7xx_HAL_Driver/stm32h7xx_hal.o
 .comment       0x0000000000000053       0x54 Drivers/STM32H7xx_HAL_Driver/stm32h7xx_hal_cortex.o
 .comment       0x0000000000000053       0x54 Drivers/STM32H7xx_HAL_Driver/stm32h7xx_hal_eth.o
 .comment       0x0000000000000053       0x54 Drivers/STM32H7xx_HAL_Driver/stm32h7xx_hal_gpio.o
 .comment       0x0000000000000053       0x54 Drivers/STM32H7xx_HAL_Driver/stm32h7xx_hal_hsem.o
 .comment       0x0000000000000053       0x54 Drivers/STM32H7xx_HAL_Driver/stm32h7xx_hal_pcd.o
 .comment       0x0000000000000053       0x54 Drivers/STM32H7xx_HAL_Driver/stm32h7xx_hal_pcd_ex.o
 .comment       0x0000000000000053       0x54 Drivers/STM32H7xx_HAL_Driver/stm32h7xx_hal_pwr_ex.o
 .comment       0x0000000000000053       0x54 Drivers/STM32H7xx_HAL_Driver/stm32h7xx_hal_rcc.o
 .comment       0x0000000000000053       0x54 Drivers/STM32H7xx_HAL_Driver/stm32h7xx_hal_rcc_ex.o
 .comment       0x0000000000000053       0x54 Drivers/STM32H7xx_HAL_Driver/stm32h7xx_hal_uart.o
 .comment       0x0000000000000053       0x54 Drivers/STM32H7xx_HAL_Driver/stm32h7xx_hal_uart_ex.o
 .comment       0x0000000000000053       0x54 Drivers/STM32H7xx_HAL_Driver/stm32h7xx_ll_usb.o

.debug_frame    0x0000000000000000     0x446c
 .debug_frame   0x0000000000000000       0x58 Common/Src/system_stm32h7xx_dualcore_boot_cm4_cm7.o
 .debug_frame   0x0000000000000058      0x180 Core/Src/main.o
 .debug_frame   0x00000000000001d8      0x118 Core/Src/stm32h7xx_hal_msp.o
 .debug_frame   0x00000000000002f0      0x104 Core/Src/stm32h7xx_it.o
 .debug_frame   0x00000000000003f4      0x848 Drivers/STM32H7xx_HAL_Driver/stm32h7xx_hal.o
 .debug_frame   0x0000000000000c3c      0x4b8 Drivers/STM32H7xx_HAL_Driver/stm32h7xx_hal_cortex.o
 .debug_frame   0x00000000000010f4      0x7d0 Drivers/STM32H7xx_HAL_Driver/stm32h7xx_hal_eth.o
 .debug_frame   0x00000000000018c4      0x14c Drivers/STM32H7xx_HAL_Driver/stm32h7xx_hal_gpio.o
 .debug_frame   0x0000000000001a10      0x1bc Drivers/STM32H7xx_HAL_Driver/stm32h7xx_hal_hsem.o
 .debug_frame   0x0000000000001bcc      0x598 Drivers/STM32H7xx_HAL_Driver/stm32h7xx_hal_pcd.o
 .debug_frame   0x0000000000002164      0x174 Drivers/STM32H7xx_HAL_Driver/stm32h7xx_hal_pcd_ex.o
 .debug_frame   0x00000000000022d8      0x5ec Drivers/STM32H7xx_HAL_Driver/stm32h7xx_hal_pwr_ex.o
 .debug_frame   0x00000000000028c4      0x1f8 Drivers/STM32H7xx_HAL_Driver/stm32h7xx_hal_rcc.o
 .debug_frame   0x0000000000002abc      0x41c Drivers/STM32H7xx_HAL_Driver/stm32h7xx_hal_rcc_ex.o
 .debug_frame   0x0000000000002ed8      0xa8c Drivers/STM32H7xx_HAL_Driver/stm32h7xx_hal_uart.o
 .debug_frame   0x0000000000003964      0x29c Drivers/STM32H7xx_HAL_Driver/stm32h7xx_hal_uart_ex.o
 .debug_frame   0x0000000000003c00      0x7c0 Drivers/STM32H7xx_HAL_Driver/stm32h7xx_ll_usb.o
 .debug_frame   0x00000000000043c0       0x2c c:/st/stm32cubeide_1.5.0/stm32cubeide/plugins/com.st.stm32cube.ide.mcu.externaltools.gnu-tools-for-stm32.9-2020-q2-update.win32_1.5.0.202011040924/tools/bin/../lib/gcc/arm-none-eabi/9.3.1/../../../../arm-none-eabi/lib/thumb/v7e-m+dp/hard\libc_nano.a(lib_a-init.o)
 .debug_frame   0x00000000000043ec       0x20 c:/st/stm32cubeide_1.5.0/stm32cubeide/plugins/com.st.stm32cube.ide.mcu.externaltools.gnu-tools-for-stm32.9-2020-q2-update.win32_1.5.0.202011040924/tools/bin/../lib/gcc/arm-none-eabi/9.3.1/../../../../arm-none-eabi/lib/thumb/v7e-m+dp/hard\libc_nano.a(lib_a-memset.o)
 .debug_frame   0x000000000000440c       0x2c c:/st/stm32cubeide_1.5.0/stm32cubeide/plugins/com.st.stm32cube.ide.mcu.externaltools.gnu-tools-for-stm32.9-2020-q2-update.win32_1.5.0.202011040924/tools/bin/../lib/gcc/arm-none-eabi/9.3.1/thumb/v7e-m+dp/hard\libgcc.a(_aeabi_uldivmod.o)
 .debug_frame   0x0000000000004438       0x34 c:/st/stm32cubeide_1.5.0/stm32cubeide/plugins/com.st.stm32cube.ide.mcu.externaltools.gnu-tools-for-stm32.9-2020-q2-update.win32_1.5.0.202011040924/tools/bin/../lib/gcc/arm-none-eabi/9.3.1/thumb/v7e-m+dp/hard\libgcc.a(_udivmoddi4.o)
